
--- Request for NVDA at 2026-02-09 23:50:19.121172 ---
DEBUG: Current DB: postgres
DEBUG: Indicator Count: 1379039
DEBUG: Found Indicator Row: (Decimal('179.486'), Decimal('184.6755'), Decimal('183.5668'), Decimal('169.6738'), Decimal('49.31'), Decimal('-1.1507'), Decimal('-0.1153'), Decimal('-1.0353'), Decimal('6.6336'), Decimal('212.1900'), Decimal('-12.62'), Decimal('184.0599'), Decimal('173.2433'), Decimal('-5.02'), None, None, None)

--- Request for NVDA at 2026-02-09 23:51:38.153571 ---
DEBUG: Current DB: postgres
DEBUG: Indicator Count: 1379039
DEBUG: Found Indicator Row: (Decimal('179.486'), Decimal('184.6755'), Decimal('183.5668'), Decimal('169.6738'), Decimal('49.31'), Decimal('-1.1507'), Decimal('-0.1153'), Decimal('-1.0353'), Decimal('6.6336'), Decimal('212.1900'), Decimal('-12.62'), Decimal('184.0599'), Decimal('173.2433'), Decimal('-5.02'), None, None, None)

--- Request for NVDA at 2026-02-09 23:52:45.561175 ---
DEBUG: Current DB: postgres
DEBUG: Indicator Count: 1379039
DEBUG: Found Indicator Row: (Decimal('179.486'), Decimal('184.6755'), Decimal('183.5668'), Decimal('169.6738'), Decimal('49.31'), Decimal('-1.1507'), Decimal('-0.1153'), Decimal('-1.0353'), Decimal('6.6336'), Decimal('212.1900'), Decimal('-12.62'), Decimal('184.0599'), Decimal('173.2433'), Decimal('-5.02'), None, None, None)

--- Request for NVDA at 2026-02-09 23:54:24.868466 ---
DEBUG: Current DB: postgres
DEBUG: Indicator Count: 1379039
DEBUG: Found Indicator Row: (Decimal('179.486'), Decimal('184.6755'), Decimal('183.5668'), Decimal('169.6738'), Decimal('49.31'), Decimal('-1.1507'), Decimal('-0.1153'), Decimal('-1.0353'), Decimal('6.6336'), Decimal('212.1900'), Decimal('-12.62'), Decimal('184.0599'), Decimal('173.2433'), Decimal('-5.02'), None, None, None)

--- Request for NVDA at 2026-02-09 23:54:46.208916 ---
DEBUG: Current DB: postgres
DEBUG: Indicator Count: 1379039
DEBUG: Found Indicator Row: (Decimal('179.486'), Decimal('184.6755'), Decimal('183.5668'), Decimal('169.6738'), Decimal('49.31'), Decimal('-1.1507'), Decimal('-0.1153'), Decimal('-1.0353'), Decimal('6.6336'), Decimal('212.1900'), Decimal('-12.62'), Decimal('184.0599'), Decimal('173.2433'), Decimal('-5.02'), None, None, None)

--- Request for NVDA at 2026-02-10 00:08:14.334587 ---
DEBUG: Current DB: postgres
DEBUG: Indicator Count: 1379039
DEBUG: Found Indicator Row: (Decimal('179.486'), Decimal('184.6755'), Decimal('183.5668'), Decimal('169.6738'), Decimal('49.31'), Decimal('-1.1507'), Decimal('-0.1153'), Decimal('-1.0353'), Decimal('6.6336'), Decimal('212.1900'), Decimal('-12.62'), Decimal('184.0599'), Decimal('173.2433'), Decimal('35.00'), None, None, None)

--- Request for AP at 2026-02-10 00:08:25.367776 ---
DEBUG: Current DB: postgres
DEBUG: Indicator Count: 1379039
DEBUG: Found Indicator Row: (None, Decimal('5.8955'), Decimal('4.6962'), Decimal('3.2122'), Decimal('66.87'), Decimal('0.4639'), Decimal('0.4567'), Decimal('0.0072'), Decimal('0.5421'), Decimal('7.1000'), Decimal('-4.37'), Decimal('5.8143'), Decimal('6.2367'), Decimal('98.00'), None, None, None)

--- Request for NVDA at 2026-02-10 00:08:42.837071 ---
DEBUG: Current DB: postgres
DEBUG: Indicator Count: 1379039
DEBUG: Found Indicator Row: (Decimal('179.486'), Decimal('184.6755'), Decimal('183.5668'), Decimal('169.6738'), Decimal('49.31'), Decimal('-1.1507'), Decimal('-0.1153'), Decimal('-1.0353'), Decimal('6.6336'), Decimal('212.1900'), Decimal('-12.62'), Decimal('184.0599'), Decimal('173.2433'), Decimal('35.00'), None, None, None)

--- Request for AP at 2026-02-10 09:23:03.094855 ---
DEBUG: Current DB: postgres
DEBUG: Indicator Count: 1379039
DEBUG: Found Indicator Row: (None, Decimal('5.8955'), Decimal('4.6962'), Decimal('3.2122'), Decimal('66.87'), Decimal('0.4639'), Decimal('0.4567'), Decimal('0.0072'), Decimal('0.5421'), Decimal('7.1000'), Decimal('-4.37'), Decimal('5.8143'), Decimal('6.2367'), Decimal('98.00'), None, None, None)

--- Request for AVGO at 2026-02-10 11:44:17.787252 ---
DEBUG: Current DB: postgres
DEBUG: Indicator Count: 1379039
DEBUG: Found Indicator Row: (None, Decimal('332.4590'), Decimal('351.3510'), Decimal('309.0754'), Decimal('40.22'), Decimal('-7.5621'), Decimal('-7.3226'), Decimal('-0.2395'), Decimal('16.0514'), Decimal('414.6100'), Decimal('-19.70'), Decimal('331.2242'), Decimal('314.5800'), Decimal('32.00'), None, None, None)

--- Request for NVDA at 2026-02-10 13:06:09.110437 ---
DEBUG: Current DB: postgres
DEBUG: Indicator Count: 1379039
DEBUG: Found Indicator Row: (Decimal('179.486'), Decimal('184.6755'), Decimal('183.5668'), Decimal('169.6738'), Decimal('49.31'), Decimal('-1.1507'), Decimal('-0.1153'), Decimal('-1.0353'), Decimal('6.6336'), Decimal('212.1900'), Decimal('-12.62'), Decimal('184.0599'), Decimal('173.2433'), Decimal('35.00'), None, None, None)

--- Request for NVDA at 2026-02-10 13:32:43.585568 ---
DEBUG: Current DB: postgres
DEBUG: Indicator Count: 1379039
DEBUG: Found Indicator Row: (Decimal('179.486'), Decimal('184.6755'), Decimal('183.5668'), Decimal('169.6738'), Decimal('49.31'), Decimal('-1.1507'), Decimal('-0.1153'), Decimal('-1.0353'), Decimal('6.6336'), Decimal('212.1900'), Decimal('-12.62'), Decimal('184.0599'), Decimal('173.2433'), Decimal('35.00'), None, None, None)

--- Request for NVDA at 2026-02-10 19:31:27.528478 ---
DEBUG: Current DB: postgres
DEBUG: Indicator Count: 1379039
DEBUG: Found Indicator Row: (Decimal('179.486'), Decimal('184.6755'), Decimal('183.5668'), Decimal('169.6738'), Decimal('49.31'), Decimal('-1.1507'), Decimal('-0.1153'), Decimal('-1.0353'), Decimal('6.6336'), Decimal('212.1900'), Decimal('-12.62'), Decimal('184.0599'), Decimal('173.2433'), Decimal('35.00'), None, None, None)

--- Request for NVDA at 2026-02-10 19:31:38.614608 ---
DEBUG: Current DB: postgres
DEBUG: Indicator Count: 1379039
DEBUG: Found Indicator Row: (Decimal('179.486'), Decimal('184.6755'), Decimal('183.5668'), Decimal('169.6738'), Decimal('49.31'), Decimal('-1.1507'), Decimal('-0.1153'), Decimal('-1.0353'), Decimal('6.6336'), Decimal('212.1900'), Decimal('-12.62'), Decimal('184.0599'), Decimal('173.2433'), Decimal('35.00'), None, None, None)

--- Request for NVDA at 2026-02-10 19:38:58.329113 ---
DEBUG: Current DB: postgres
DEBUG: Indicator Count: 1379039
DEBUG: Found Indicator Row: (Decimal('179.486'), Decimal('184.6755'), Decimal('183.5668'), Decimal('169.6738'), Decimal('49.31'), Decimal('-1.1507'), Decimal('-0.1153'), Decimal('-1.0353'), Decimal('6.6336'), Decimal('212.1900'), Decimal('-12.62'), Decimal('184.0599'), Decimal('173.2433'), Decimal('35.00'), None, None, None)

--- Request for NVDA at 2026-02-10 19:50:17.081067 ---
DEBUG: Current DB: postgres
DEBUG: Indicator Count: 1379039
DEBUG: Found Indicator Row: (Decimal('179.486'), Decimal('184.6755'), Decimal('183.5668'), Decimal('169.6738'), Decimal('49.31'), Decimal('-1.1507'), Decimal('-0.1153'), Decimal('-1.0353'), Decimal('6.6336'), Decimal('212.1900'), Decimal('-12.62'), Decimal('184.0599'), Decimal('173.2433'), Decimal('35.00'), None, None, None)

--- Request for NVDA at 2026-02-10 19:50:47.543916 ---
DEBUG: Current DB: postgres
DEBUG: Indicator Count: 1379039
DEBUG: Found Indicator Row: (Decimal('179.486'), Decimal('184.6755'), Decimal('183.5668'), Decimal('169.6738'), Decimal('49.31'), Decimal('-1.1507'), Decimal('-0.1153'), Decimal('-1.0353'), Decimal('6.6336'), Decimal('212.1900'), Decimal('-12.62'), Decimal('184.0599'), Decimal('173.2433'), Decimal('35.00'), None, None, None)

--- Request for NVDA at 2026-02-10 19:55:11.862710 ---
DEBUG: Current DB: postgres
DEBUG: Indicator Count: 1379039
DEBUG: Found Indicator Row: (Decimal('179.486'), Decimal('184.6755'), Decimal('183.5668'), Decimal('169.6738'), Decimal('49.31'), Decimal('-1.1507'), Decimal('-0.1153'), Decimal('-1.0353'), Decimal('6.6336'), Decimal('212.1900'), Decimal('-12.62'), Decimal('184.0599'), Decimal('173.2433'), Decimal('35.00'), None, None, None)

--- Request for NVDA at 2026-02-10 20:34:12.540481 ---
DEBUG: Current DB: postgres
DEBUG: Indicator Count: 1379039
DEBUG: Found Indicator Row: (Decimal('179.486'), Decimal('184.6755'), Decimal('183.5668'), Decimal('169.6738'), Decimal('49.31'), Decimal('-1.1507'), Decimal('-0.1153'), Decimal('-1.0353'), Decimal('6.6336'), Decimal('212.1900'), Decimal('-12.62'), Decimal('184.0599'), Decimal('173.2433'), Decimal('35.00'), None, None, None)

--- Request for NVDA at 2026-02-10 20:34:13.007159 ---
DEBUG: Current DB: postgres
DEBUG: Indicator Count: 1379039
DEBUG: Found Indicator Row: (Decimal('179.486'), Decimal('184.6755'), Decimal('183.5668'), Decimal('169.6738'), Decimal('49.31'), Decimal('-1.1507'), Decimal('-0.1153'), Decimal('-1.0353'), Decimal('6.6336'), Decimal('212.1900'), Decimal('-12.62'), Decimal('184.0599'), Decimal('173.2433'), Decimal('35.00'), None, None, None)

--- Request for NVDA at 2026-02-10 20:34:13.095758 ---
DEBUG: Current DB: postgres
DEBUG: Indicator Count: 1379039
DEBUG: Found Indicator Row: (Decimal('179.486'), Decimal('184.6755'), Decimal('183.5668'), Decimal('169.6738'), Decimal('49.31'), Decimal('-1.1507'), Decimal('-0.1153'), Decimal('-1.0353'), Decimal('6.6336'), Decimal('212.1900'), Decimal('-12.62'), Decimal('184.0599'), Decimal('173.2433'), Decimal('35.00'), None, None, None)

--- Request for NVDA at 2026-02-10 20:34:13.188303 ---
DEBUG: Current DB: postgres
DEBUG: Indicator Count: 1379039
DEBUG: Found Indicator Row: (Decimal('179.486'), Decimal('184.6755'), Decimal('183.5668'), Decimal('169.6738'), Decimal('49.31'), Decimal('-1.1507'), Decimal('-0.1153'), Decimal('-1.0353'), Decimal('6.6336'), Decimal('212.1900'), Decimal('-12.62'), Decimal('184.0599'), Decimal('173.2433'), Decimal('35.00'), None, None, None)

--- Request for NVDA at 2026-02-10 21:13:38.669767 ---
DEBUG: Current DB: postgres
DEBUG: Indicator Count: 1379039
DEBUG: Found Indicator Row: (Decimal('179.486'), Decimal('184.6755'), Decimal('183.5668'), Decimal('169.6738'), Decimal('49.31'), Decimal('-1.1507'), Decimal('-0.1153'), Decimal('-1.0353'), Decimal('6.6336'), Decimal('212.1900'), Decimal('-12.62'), Decimal('184.0599'), Decimal('173.2433'), Decimal('35.00'), None, None, None)

--- Request for NVDA at 2026-02-10 21:13:47.828403 ---
DEBUG: Current DB: postgres
DEBUG: Indicator Count: 1379039
DEBUG: Found Indicator Row: (Decimal('179.486'), Decimal('184.6755'), Decimal('183.5668'), Decimal('169.6738'), Decimal('49.31'), Decimal('-1.1507'), Decimal('-0.1153'), Decimal('-1.0353'), Decimal('6.6336'), Decimal('212.1900'), Decimal('-12.62'), Decimal('184.0599'), Decimal('173.2433'), Decimal('35.00'), None, None, None)

--- Request for NVDA at 2026-02-10 21:13:54.395362 ---
DEBUG: Current DB: postgres
DEBUG: Indicator Count: 1379039
DEBUG: Found Indicator Row: (Decimal('179.486'), Decimal('184.6755'), Decimal('183.5668'), Decimal('169.6738'), Decimal('49.31'), Decimal('-1.1507'), Decimal('-0.1153'), Decimal('-1.0353'), Decimal('6.6336'), Decimal('212.1900'), Decimal('-12.62'), Decimal('184.0599'), Decimal('173.2433'), Decimal('35.00'), None, None, None)

--- Request for NVDA at 2026-02-10 21:15:42.380284 ---
DEBUG: Current DB: postgres
DEBUG: Indicator Count: 1379039
DEBUG: Found Indicator Row: (Decimal('179.486'), Decimal('184.6755'), Decimal('183.5668'), Decimal('169.6738'), Decimal('49.31'), Decimal('-1.1507'), Decimal('-0.1153'), Decimal('-1.0353'), Decimal('6.6336'), Decimal('212.1900'), Decimal('-12.62'), Decimal('184.0599'), Decimal('173.2433'), Decimal('35.00'), None, None, None)

--- Request for NVDA at 2026-02-10 21:18:09.841659 ---
DEBUG: Current DB: postgres
DEBUG: Indicator Count: 1379039
DEBUG: Found Indicator Row: (Decimal('179.486'), Decimal('184.6755'), Decimal('183.5668'), Decimal('169.6738'), Decimal('49.31'), Decimal('-1.1507'), Decimal('-0.1153'), Decimal('-1.0353'), Decimal('6.6336'), Decimal('212.1900'), Decimal('-12.62'), Decimal('184.0599'), Decimal('173.2433'), Decimal('35.00'), None, None, None)

--- Request for NVDA at 2026-02-10 21:18:15.062063 ---
DEBUG: Current DB: postgres
DEBUG: Indicator Count: 1379039
DEBUG: Found Indicator Row: (Decimal('179.486'), Decimal('184.6755'), Decimal('183.5668'), Decimal('169.6738'), Decimal('49.31'), Decimal('-1.1507'), Decimal('-0.1153'), Decimal('-1.0353'), Decimal('6.6336'), Decimal('212.1900'), Decimal('-12.62'), Decimal('184.0599'), Decimal('173.2433'), Decimal('35.00'), None, None, None)

--- Request for NVDA at 2026-02-10 21:19:30.950029 ---
DEBUG: Current DB: postgres
DEBUG: Indicator Count: 1379039
DEBUG: Found Indicator Row: (Decimal('179.486'), Decimal('184.6755'), Decimal('183.5668'), Decimal('169.6738'), Decimal('49.31'), Decimal('-1.1507'), Decimal('-0.1153'), Decimal('-1.0353'), Decimal('6.6336'), Decimal('212.1900'), Decimal('-12.62'), Decimal('184.0599'), Decimal('173.2433'), Decimal('35.00'), None, None, None)

--- Request for NVDA at 2026-02-10 21:35:28.243792 ---
DEBUG: Current DB: postgres
DEBUG: Indicator Count: 1379039
DEBUG: Found Indicator Row: (Decimal('179.486'), Decimal('184.6755'), Decimal('183.5668'), Decimal('169.6738'), Decimal('49.31'), Decimal('-1.1507'), Decimal('-0.1153'), Decimal('-1.0353'), Decimal('6.6336'), Decimal('212.1900'), Decimal('-12.62'), Decimal('184.0599'), Decimal('173.2433'), Decimal('35.00'), None, None, None)

--- Request for NVDA at 2026-02-10 23:39:01.760901 ---
DEBUG: Current DB: postgres
DEBUG: Indicator Count: 1379039
DEBUG: Found Indicator Row: (Decimal('179.486'), Decimal('184.6755'), Decimal('183.5668'), Decimal('169.6738'), Decimal('49.31'), Decimal('-1.1507'), Decimal('-0.1153'), Decimal('-1.0353'), Decimal('6.6336'), Decimal('212.1900'), Decimal('-12.62'), Decimal('184.0599'), Decimal('173.2433'), Decimal('35.00'), None, None, None)

--- Request for CRWV at 2026-02-10 23:39:11.087243 ---
DEBUG: Current DB: postgres
DEBUG: Indicator Count: 1379039
DEBUG: Found Indicator Row: (None, Decimal('92.4800'), Decimal('83.8422'), Decimal('106.6645'), Decimal('42.79'), Decimal('0.5291'), Decimal('2.4490'), Decimal('-1.9200'), Decimal('10.1214'), None, None, Decimal('89.4836'), Decimal('76.8733'), Decimal('21.00'), None, None, None)

--- Request for NVDA at 2026-02-11 08:38:47.518759 ---
DEBUG: Current DB: postgres
DEBUG: Indicator Count: 1379039
DEBUG: Found Indicator Row: (Decimal('179.486'), Decimal('184.6755'), Decimal('183.5668'), Decimal('169.6738'), Decimal('49.31'), Decimal('-1.1507'), Decimal('-0.1153'), Decimal('-1.0353'), Decimal('6.6336'), Decimal('212.1900'), Decimal('-12.62'), Decimal('184.0599'), Decimal('173.2433'), Decimal('35.00'), None, None, None)

--- Request for NVDA at 2026-02-11 08:38:53.592359 ---
DEBUG: Current DB: postgres
DEBUG: Indicator Count: 1379039
DEBUG: Found Indicator Row: (Decimal('179.486'), Decimal('184.6755'), Decimal('183.5668'), Decimal('169.6738'), Decimal('49.31'), Decimal('-1.1507'), Decimal('-0.1153'), Decimal('-1.0353'), Decimal('6.6336'), Decimal('212.1900'), Decimal('-12.62'), Decimal('184.0599'), Decimal('173.2433'), Decimal('35.00'), None, None, None)

--- Request for NVDA at 2026-02-11 08:51:22.266796 ---
DEBUG: Current DB: postgres
DEBUG: Indicator Count: 1379039
DEBUG: Found Indicator Row: (Decimal('179.486'), Decimal('184.6755'), Decimal('183.5668'), Decimal('169.6738'), Decimal('49.31'), Decimal('-1.1507'), Decimal('-0.1153'), Decimal('-1.0353'), Decimal('6.6336'), Decimal('212.1900'), Decimal('-12.62'), Decimal('184.0599'), Decimal('173.2433'), Decimal('35.00'), None, None, None)

--- Request for NVDA at 2026-02-11 08:51:36.805775 ---
DEBUG: Current DB: postgres
DEBUG: Indicator Count: 1379039
DEBUG: Found Indicator Row: (Decimal('179.486'), Decimal('184.6755'), Decimal('183.5668'), Decimal('169.6738'), Decimal('49.31'), Decimal('-1.1507'), Decimal('-0.1153'), Decimal('-1.0353'), Decimal('6.6336'), Decimal('212.1900'), Decimal('-12.62'), Decimal('184.0599'), Decimal('173.2433'), Decimal('35.00'), None, None, None)

--- Request for NVDA at 2026-02-11 09:13:08.719890 ---
DEBUG: Current DB: postgres
DEBUG: Indicator Count: 1379039
DEBUG: Found Indicator Row: (Decimal('179.486'), Decimal('184.6755'), Decimal('183.5668'), Decimal('169.6738'), Decimal('49.31'), Decimal('-1.1507'), Decimal('-0.1153'), Decimal('-1.0353'), Decimal('6.6336'), Decimal('212.1900'), Decimal('-12.62'), Decimal('184.0599'), Decimal('173.2433'), Decimal('35.00'), None, None, None)

--- Request for AMD at 2026-02-11 09:13:19.347092 ---
DEBUG: Current DB: postgres
DEBUG: Indicator Count: 1379039
DEBUG: Found Indicator Row: (None, Decimal('232.2405'), Decimal('221.4712'), Decimal('179.0356'), Decimal('41.20'), Decimal('-1.5072'), Decimal('4.2004'), Decimal('-5.7075'), Decimal('15.9136'), Decimal('267.0800'), Decimal('-21.96'), Decimal('227.9696'), Decimal('195.7533'), Decimal('23.00'), None, None, None)

--- Request for AMD at 2026-02-11 09:50:46.034902 ---
DEBUG: Current DB: postgres
DEBUG: Indicator Count: 1389187
DEBUG: Found Indicator Row: (None, Decimal('233.1760'), Decimal('221.6552'), Decimal('180.2591'), Decimal('35.50'), Decimal('-2.9202'), Decimal('1.7514'), Decimal('-4.6716'), Decimal('14.8164'), Decimal('267.0800'), Decimal('-20.04'), Decimal('225.6713'), None, Decimal('83.00'), None, None, None)

--- Request for NVDA at 2026-02-11 09:51:38.359361 ---
DEBUG: Current DB: postgres
DEBUG: Indicator Count: 1389187
DEBUG: Found Indicator Row: (None, Decimal('185.1145'), Decimal('183.9768'), Decimal('170.5210'), Decimal('55.03'), Decimal('-0.1266'), Decimal('-0.1812'), Decimal('0.0546'), Decimal('6.5007'), Decimal('212.1900'), Decimal('-11.15'), Decimal('184.9614'), None, Decimal('67.00'), None, None, None)

--- Request for NVDA at 2026-02-11 10:13:40.667144 ---
DEBUG: Current DB: postgres
DEBUG: Indicator Count: 1389187
DEBUG: Found Indicator Row: (None, Decimal('185.1145'), Decimal('183.9768'), Decimal('170.5210'), Decimal('55.03'), Decimal('-0.1266'), Decimal('-0.1812'), Decimal('0.0546'), Decimal('6.5007'), Decimal('212.1900'), Decimal('-11.15'), Decimal('184.9614'), None, Decimal('67.00'), None, None, None)

--- Request for NVDA at 2026-02-11 10:45:05.828165 ---
DEBUG: Current DB: postgres
DEBUG: Indicator Count: 1389187
DEBUG: Found Indicator Row: (None, Decimal('185.1145'), Decimal('183.9768'), Decimal('170.5210'), Decimal('55.03'), Decimal('-0.1266'), Decimal('-0.1812'), Decimal('0.0546'), Decimal('6.5007'), Decimal('212.1900'), Decimal('-11.15'), Decimal('184.9614'), None, Decimal('67.00'), None, None, None)

--- Request for NVDA at 2026-02-11 10:45:15.976619 ---
DEBUG: Current DB: postgres
DEBUG: Indicator Count: 1389187
DEBUG: Found Indicator Row: (None, Decimal('185.1145'), Decimal('183.9768'), Decimal('170.5210'), Decimal('55.03'), Decimal('-0.1266'), Decimal('-0.1812'), Decimal('0.0546'), Decimal('6.5007'), Decimal('212.1900'), Decimal('-11.15'), Decimal('184.9614'), None, Decimal('67.00'), None, None, None)

--- Request for NVDA at 2026-02-11 10:45:39.934242 ---
DEBUG: Current DB: postgres
DEBUG: Indicator Count: 1389187
DEBUG: Found Indicator Row: (None, Decimal('185.1145'), Decimal('183.9768'), Decimal('170.5210'), Decimal('55.03'), Decimal('-0.1266'), Decimal('-0.1812'), Decimal('0.0546'), Decimal('6.5007'), Decimal('212.1900'), Decimal('-11.15'), Decimal('184.9614'), None, Decimal('67.00'), None, None, None)

--- Request for NVDA at 2026-02-11 15:16:11.308398 ---
DEBUG: Current DB: postgres
DEBUG: Indicator Count: 1389187
DEBUG: Found Indicator Row: (None, Decimal('185.1145'), Decimal('183.9768'), Decimal('170.5210'), Decimal('55.03'), Decimal('-0.1266'), Decimal('-0.1812'), Decimal('0.0546'), Decimal('6.5007'), Decimal('212.1900'), Decimal('-11.15'), Decimal('184.9614'), None, Decimal('67.00'), None, None, None)

--- Request for NVDA at 2026-02-11 15:16:47.544044 ---
DEBUG: Current DB: postgres
DEBUG: Indicator Count: 1389187
DEBUG: Found Indicator Row: (None, Decimal('185.1145'), Decimal('183.9768'), Decimal('170.5210'), Decimal('55.03'), Decimal('-0.1266'), Decimal('-0.1812'), Decimal('0.0546'), Decimal('6.5007'), Decimal('212.1900'), Decimal('-11.15'), Decimal('184.9614'), None, Decimal('67.00'), None, None, None)

--- Request for NVDA at 2026-02-11 15:26:50.477555 ---
DEBUG: Current DB: postgres
DEBUG: Indicator Count: 1389187
DEBUG: Found Indicator Row: (None, Decimal('185.1145'), Decimal('183.9768'), Decimal('170.5210'), Decimal('55.03'), Decimal('-0.1266'), Decimal('-0.1812'), Decimal('0.0546'), Decimal('6.5007'), Decimal('212.1900'), Decimal('-11.15'), Decimal('184.9614'), None, Decimal('67.00'), None, None, None)

--- Request for NVDA at 2026-02-11 15:26:53.157866 ---
DEBUG: Current DB: postgres
DEBUG: Indicator Count: 1389187
DEBUG: Found Indicator Row: (None, Decimal('185.1145'), Decimal('183.9768'), Decimal('170.5210'), Decimal('55.03'), Decimal('-0.1266'), Decimal('-0.1812'), Decimal('0.0546'), Decimal('6.5007'), Decimal('212.1900'), Decimal('-11.15'), Decimal('184.9614'), None, Decimal('67.00'), None, None, None)

--- Request for NVDA at 2026-02-11 15:35:23.263768 ---
DEBUG: Current DB: postgres
DEBUG: Indicator Count: 1389187
DEBUG: Found Indicator Row: (None, Decimal('185.1145'), Decimal('183.9768'), Decimal('170.5210'), Decimal('55.03'), Decimal('-0.1266'), Decimal('-0.1812'), Decimal('0.0546'), Decimal('6.5007'), Decimal('212.1900'), Decimal('-11.15'), Decimal('184.9614'), None, Decimal('67.00'), None, None, None)

--- Request for NVDA at 2026-02-11 15:35:42.079177 ---
DEBUG: Current DB: postgres
DEBUG: Indicator Count: 1389187
DEBUG: Found Indicator Row: (None, Decimal('185.1145'), Decimal('183.9768'), Decimal('170.5210'), Decimal('55.03'), Decimal('-0.1266'), Decimal('-0.1812'), Decimal('0.0546'), Decimal('6.5007'), Decimal('212.1900'), Decimal('-11.15'), Decimal('184.9614'), None, Decimal('67.00'), None, None, None)

--- Request for NVDA at 2026-02-11 15:36:45.791085 ---
DEBUG: Current DB: postgres
DEBUG: Indicator Count: 1389187
DEBUG: Found Indicator Row: (None, Decimal('185.1145'), Decimal('183.9768'), Decimal('170.5210'), Decimal('55.03'), Decimal('-0.1266'), Decimal('-0.1812'), Decimal('0.0546'), Decimal('6.5007'), Decimal('212.1900'), Decimal('-11.15'), Decimal('184.9614'), None, Decimal('67.00'), None, None, None)

--- Request for NVDA at 2026-02-11 15:42:57.203065 ---
DEBUG: Current DB: postgres
DEBUG: Indicator Count: 1389187
DEBUG: Found Indicator Row: (None, Decimal('185.1145'), Decimal('183.9768'), Decimal('170.5210'), Decimal('55.03'), Decimal('-0.1266'), Decimal('-0.1812'), Decimal('0.0546'), Decimal('6.5007'), Decimal('212.1900'), Decimal('-11.15'), Decimal('184.9614'), None, Decimal('67.00'), None, None, None)

--- Request for NVDA at 2026-02-11 15:46:24.688282 ---
DEBUG: Current DB: postgres
DEBUG: Indicator Count: 1389187
DEBUG: Found Indicator Row: (None, Decimal('185.1145'), Decimal('183.9768'), Decimal('170.5210'), Decimal('55.03'), Decimal('-0.1266'), Decimal('-0.1812'), Decimal('0.0546'), Decimal('6.5007'), Decimal('212.1900'), Decimal('-11.15'), Decimal('184.9614'), None, Decimal('67.00'), None, None, None)

--- Request for NVDA at 2026-02-11 15:46:45.662298 ---
DEBUG: Current DB: postgres
DEBUG: Indicator Count: 1389187
DEBUG: Found Indicator Row: (None, Decimal('185.1145'), Decimal('183.9768'), Decimal('170.5210'), Decimal('55.03'), Decimal('-0.1266'), Decimal('-0.1812'), Decimal('0.0546'), Decimal('6.5007'), Decimal('212.1900'), Decimal('-11.15'), Decimal('184.9614'), None, Decimal('67.00'), None, None, None)

--- Request for NVDA at 2026-02-11 16:07:37.831659 ---
DEBUG: Current DB: postgres
DEBUG: Indicator Count: 1389187
DEBUG: Found Indicator Row: (None, Decimal('185.1145'), Decimal('183.9768'), Decimal('170.5210'), Decimal('55.03'), Decimal('-0.1266'), Decimal('-0.1812'), Decimal('0.0546'), Decimal('6.5007'), Decimal('212.1900'), Decimal('-11.15'), Decimal('184.9614'), None, Decimal('67.00'), None, None, None)

--- Request for NVDA at 2026-02-11 16:10:30.968949 ---
DEBUG: Current DB: postgres
DEBUG: Indicator Count: 1389187
DEBUG: Found Indicator Row: (None, Decimal('185.1145'), Decimal('183.9768'), Decimal('170.5210'), Decimal('55.03'), Decimal('-0.1266'), Decimal('-0.1812'), Decimal('0.0546'), Decimal('6.5007'), Decimal('212.1900'), Decimal('-11.15'), Decimal('184.9614'), None, Decimal('67.00'), None, None, None)

--- Request for NVDA at 2026-02-11 16:10:33.057090 ---
DEBUG: Current DB: postgres
DEBUG: Indicator Count: 1389187
DEBUG: Found Indicator Row: (None, Decimal('185.1145'), Decimal('183.9768'), Decimal('170.5210'), Decimal('55.03'), Decimal('-0.1266'), Decimal('-0.1812'), Decimal('0.0546'), Decimal('6.5007'), Decimal('212.1900'), Decimal('-11.15'), Decimal('184.9614'), None, Decimal('67.00'), None, None, None)

--- Request for NVDA at 2026-02-11 16:11:03.956773 ---
DEBUG: Current DB: postgres
DEBUG: Indicator Count: 1389187
DEBUG: Found Indicator Row: (None, Decimal('185.1145'), Decimal('183.9768'), Decimal('170.5210'), Decimal('55.03'), Decimal('-0.1266'), Decimal('-0.1812'), Decimal('0.0546'), Decimal('6.5007'), Decimal('212.1900'), Decimal('-11.15'), Decimal('184.9614'), None, Decimal('67.00'), None, None, None)

--- Request for NVDA at 2026-02-11 16:11:22.699521 ---
DEBUG: Current DB: postgres
DEBUG: Indicator Count: 1389187
DEBUG: Found Indicator Row: (None, Decimal('185.1145'), Decimal('183.9768'), Decimal('170.5210'), Decimal('55.03'), Decimal('-0.1266'), Decimal('-0.1812'), Decimal('0.0546'), Decimal('6.5007'), Decimal('212.1900'), Decimal('-11.15'), Decimal('184.9614'), None, Decimal('67.00'), None, None, None)

--- Request for NVDA at 2026-02-11 16:17:05.963113 ---
DEBUG: Current DB: postgres
DEBUG: Indicator Count: 1389187
DEBUG: Found Indicator Row: (None, Decimal('185.1145'), Decimal('183.9768'), Decimal('170.5210'), Decimal('55.03'), Decimal('-0.1266'), Decimal('-0.1812'), Decimal('0.0546'), Decimal('6.5007'), Decimal('212.1900'), Decimal('-11.15'), Decimal('184.9614'), None, Decimal('67.00'), None, None, None)

--- Request for NVDA at 2026-02-11 16:17:09.773957 ---
DEBUG: Current DB: postgres
DEBUG: Indicator Count: 1389187
DEBUG: Found Indicator Row: (None, Decimal('185.1145'), Decimal('183.9768'), Decimal('170.5210'), Decimal('55.03'), Decimal('-0.1266'), Decimal('-0.1812'), Decimal('0.0546'), Decimal('6.5007'), Decimal('212.1900'), Decimal('-11.15'), Decimal('184.9614'), None, Decimal('67.00'), None, None, None)

--- Request for NVDA at 2026-02-11 16:17:41.753673 ---
DEBUG: Current DB: postgres
DEBUG: Indicator Count: 1389187
DEBUG: Found Indicator Row: (None, Decimal('185.1145'), Decimal('183.9768'), Decimal('170.5210'), Decimal('55.03'), Decimal('-0.1266'), Decimal('-0.1812'), Decimal('0.0546'), Decimal('6.5007'), Decimal('212.1900'), Decimal('-11.15'), Decimal('184.9614'), None, Decimal('67.00'), None, None, None)

--- Request for NVDA at 2026-02-11 16:32:40.611183 ---
DEBUG: Current DB: postgres
DEBUG: Indicator Count: 1389187
DEBUG: Found Indicator Row: (None, Decimal('185.1145'), Decimal('183.9768'), Decimal('170.5210'), Decimal('55.03'), Decimal('-0.1266'), Decimal('-0.1812'), Decimal('0.0546'), Decimal('6.5007'), Decimal('212.1900'), Decimal('-11.15'), Decimal('184.9614'), None, Decimal('67.00'), None, None, None)

--- Request for NVDA at 2026-02-11 16:32:50.357231 ---
DEBUG: Current DB: postgres
DEBUG: Indicator Count: 1389187
DEBUG: Found Indicator Row: (None, Decimal('185.1145'), Decimal('183.9768'), Decimal('170.5210'), Decimal('55.03'), Decimal('-0.1266'), Decimal('-0.1812'), Decimal('0.0546'), Decimal('6.5007'), Decimal('212.1900'), Decimal('-11.15'), Decimal('184.9614'), None, Decimal('67.00'), None, None, None)

--- Request for NVDA at 2026-02-11 16:44:09.738564 ---
DEBUG: Current DB: postgres
DEBUG: Indicator Count: 1389187
DEBUG: Found Indicator Row: (None, Decimal('185.1145'), Decimal('183.9768'), Decimal('170.5210'), Decimal('55.03'), Decimal('-0.1266'), Decimal('-0.1812'), Decimal('0.0546'), Decimal('6.5007'), Decimal('212.1900'), Decimal('-11.15'), Decimal('184.9614'), None, Decimal('67.00'), None, None, None)

--- Request for NVDA at 2026-02-11 16:45:45.812508 ---
DEBUG: Current DB: postgres
DEBUG: Indicator Count: 1389187
DEBUG: Found Indicator Row: (None, Decimal('185.1145'), Decimal('183.9768'), Decimal('170.5210'), Decimal('55.03'), Decimal('-0.1266'), Decimal('-0.1812'), Decimal('0.0546'), Decimal('6.5007'), Decimal('212.1900'), Decimal('-11.15'), Decimal('184.9614'), None, Decimal('67.00'), None, None, None)

--- Request for NVDA at 2026-02-11 16:46:03.741749 ---
DEBUG: Current DB: postgres
DEBUG: Indicator Count: 1389187
DEBUG: Found Indicator Row: (None, Decimal('185.1145'), Decimal('183.9768'), Decimal('170.5210'), Decimal('55.03'), Decimal('-0.1266'), Decimal('-0.1812'), Decimal('0.0546'), Decimal('6.5007'), Decimal('212.1900'), Decimal('-11.15'), Decimal('184.9614'), None, Decimal('67.00'), None, None, None)

--- Request for AMD at 2026-02-11 16:46:14.266655 ---
DEBUG: Current DB: postgres
DEBUG: Indicator Count: 1389187
DEBUG: Found Indicator Row: (None, Decimal('233.1760'), Decimal('221.6552'), Decimal('180.2591'), Decimal('35.50'), Decimal('-2.9202'), Decimal('1.7514'), Decimal('-4.6716'), Decimal('14.8164'), Decimal('267.0800'), Decimal('-20.04'), Decimal('225.6713'), None, Decimal('83.00'), None, None, None)

--- Request for AVGO at 2026-02-11 16:46:36.829700 ---
DEBUG: Current DB: postgres
DEBUG: Indicator Count: 1389187
DEBUG: Found Indicator Row: (None, Decimal('331.8190'), Decimal('349.3866'), Decimal('310.6720'), Decimal('56.64'), Decimal('-4.2478'), Decimal('-6.4293'), Decimal('2.1815'), Decimal('15.9329'), Decimal('414.6100'), Decimal('-17.89'), Decimal('333.1129'), None, Decimal('70.00'), None, None, None)

--- Request for AVGO at 2026-02-11 16:46:58.834539 ---
DEBUG: Current DB: postgres
DEBUG: Indicator Count: 1389187
DEBUG: Found Indicator Row: (None, Decimal('331.8190'), Decimal('349.3866'), Decimal('310.6720'), Decimal('56.64'), Decimal('-4.2478'), Decimal('-6.4293'), Decimal('2.1815'), Decimal('15.9329'), Decimal('414.6100'), Decimal('-17.89'), Decimal('333.1129'), None, Decimal('70.00'), None, None, None)

--- Request for NVDA at 2026-02-11 16:47:10.881082 ---
DEBUG: Current DB: postgres
DEBUG: Indicator Count: 1389187
DEBUG: Found Indicator Row: (None, Decimal('185.1145'), Decimal('183.9768'), Decimal('170.5210'), Decimal('55.03'), Decimal('-0.1266'), Decimal('-0.1812'), Decimal('0.0546'), Decimal('6.5007'), Decimal('212.1900'), Decimal('-11.15'), Decimal('184.9614'), None, Decimal('67.00'), None, None, None)

--- Request for PRAX at 2026-02-11 16:47:17.275889 ---
DEBUG: Current DB: postgres
DEBUG: Indicator Count: 1389187
DEBUG: Found Indicator Row: (None, Decimal('309.1110'), Decimal('280.7157'), Decimal('124.9854'), Decimal('54.19'), Decimal('10.5784'), Decimal('11.8334'), Decimal('-1.2550'), Decimal('17.5798'), Decimal('328.6000'), Decimal('-2.47'), Decimal('305.7262'), None, Decimal('98.00'), None, None, None)

--- Request for NVDA at 2026-02-11 16:48:30.005659 ---
DEBUG: Current DB: postgres
DEBUG: Indicator Count: 1389187
DEBUG: Found Indicator Row: (None, Decimal('185.1145'), Decimal('183.9768'), Decimal('170.5210'), Decimal('55.03'), Decimal('-0.1266'), Decimal('-0.1812'), Decimal('0.0546'), Decimal('6.5007'), Decimal('212.1900'), Decimal('-11.15'), Decimal('184.9614'), None, Decimal('67.00'), None, None, None)

--- Request for NVDA at 2026-02-11 16:48:35.332267 ---
DEBUG: Current DB: postgres
DEBUG: Indicator Count: 1389187
DEBUG: Found Indicator Row: (None, Decimal('185.1145'), Decimal('183.9768'), Decimal('170.5210'), Decimal('55.03'), Decimal('-0.1266'), Decimal('-0.1812'), Decimal('0.0546'), Decimal('6.5007'), Decimal('212.1900'), Decimal('-11.15'), Decimal('184.9614'), None, Decimal('67.00'), None, None, None)

--- Request for NVDA at 2026-02-11 16:48:36.710982 ---
DEBUG: Current DB: postgres
DEBUG: Indicator Count: 1389187
DEBUG: Found Indicator Row: (None, Decimal('185.1145'), Decimal('183.9768'), Decimal('170.5210'), Decimal('55.03'), Decimal('-0.1266'), Decimal('-0.1812'), Decimal('0.0546'), Decimal('6.5007'), Decimal('212.1900'), Decimal('-11.15'), Decimal('184.9614'), None, Decimal('67.00'), None, None, None)

--- Request for NVDA at 2026-02-11 16:50:44.058066 ---
DEBUG: Current DB: postgres
DEBUG: Indicator Count: 1389187
DEBUG: Found Indicator Row: (None, Decimal('185.1145'), Decimal('183.9768'), Decimal('170.5210'), Decimal('55.03'), Decimal('-0.1266'), Decimal('-0.1812'), Decimal('0.0546'), Decimal('6.5007'), Decimal('212.1900'), Decimal('-11.15'), Decimal('184.9614'), None, Decimal('67.00'), None, None, None)

--- Request for NVDA at 2026-02-11 16:50:46.305647 ---
DEBUG: Current DB: postgres
DEBUG: Indicator Count: 1389187
DEBUG: Found Indicator Row: (None, Decimal('185.1145'), Decimal('183.9768'), Decimal('170.5210'), Decimal('55.03'), Decimal('-0.1266'), Decimal('-0.1812'), Decimal('0.0546'), Decimal('6.5007'), Decimal('212.1900'), Decimal('-11.15'), Decimal('184.9614'), None, Decimal('67.00'), None, None, None)

--- Request for NVDA at 2026-02-11 17:07:59.277053 ---
DEBUG: Current DB: postgres
DEBUG: Indicator Count: 1389187
DEBUG: Found Indicator Row: (None, Decimal('185.1145'), Decimal('183.9768'), Decimal('170.5210'), Decimal('55.03'), Decimal('-0.1266'), Decimal('-0.1812'), Decimal('0.0546'), Decimal('6.5007'), Decimal('212.1900'), Decimal('-11.15'), Decimal('184.9614'), None, Decimal('67.00'), None, None, None)

--- Request for NVDA at 2026-02-11 17:08:09.200921 ---
DEBUG: Current DB: postgres
DEBUG: Indicator Count: 1389187
DEBUG: Found Indicator Row: (None, Decimal('185.1145'), Decimal('183.9768'), Decimal('170.5210'), Decimal('55.03'), Decimal('-0.1266'), Decimal('-0.1812'), Decimal('0.0546'), Decimal('6.5007'), Decimal('212.1900'), Decimal('-11.15'), Decimal('184.9614'), None, Decimal('67.00'), None, None, None)

--- Request for NVDA at 2026-02-11 17:11:29.446687 ---
DEBUG: Current DB: postgres
DEBUG: Indicator Count: 1389187
DEBUG: Found Indicator Row: (None, Decimal('185.1145'), Decimal('183.9768'), Decimal('170.5210'), Decimal('55.03'), Decimal('-0.1266'), Decimal('-0.1812'), Decimal('0.0546'), Decimal('6.5007'), Decimal('212.1900'), Decimal('-11.15'), Decimal('184.9614'), None, Decimal('67.00'), None, None, None)

--- Request for PRAX at 2026-02-11 17:12:39.166730 ---
DEBUG: Current DB: postgres
DEBUG: Indicator Count: 1389187
DEBUG: Found Indicator Row: (None, Decimal('309.1110'), Decimal('280.7157'), Decimal('124.9854'), Decimal('54.19'), Decimal('10.5784'), Decimal('11.8334'), Decimal('-1.2550'), Decimal('17.5798'), Decimal('328.6000'), Decimal('-2.47'), Decimal('305.7262'), None, Decimal('98.00'), None, None, None)

--- Request for NVDA at 2026-02-11 17:17:42.731977 ---
DEBUG: Current DB: postgres
DEBUG: Indicator Count: 1389187
DEBUG: Found Indicator Row: (None, Decimal('185.1145'), Decimal('183.9768'), Decimal('170.5210'), Decimal('55.03'), Decimal('-0.1266'), Decimal('-0.1812'), Decimal('0.0546'), Decimal('6.5007'), Decimal('212.1900'), Decimal('-11.15'), Decimal('184.9614'), None, Decimal('67.00'), None, None, None)
ERROR: the connection is closed
Traceback (most recent call last):
  File "C:\Users\o_van\Desktop\stocks_market_checker\backend\app\db\database.py", line 43, in execute_query
    self.cursor.execute(query, params)
  File "C:\Users\o_van\Desktop\stocks_market_checker\.venv\Lib\site-packages\psycopg\cursor.py", line 117, in execute
    raise ex.with_traceback(None)
psycopg.OperationalError: the connection is closed

During handling of the above exception, another exception occurred:

Traceback (most recent call last):
  File "C:\Users\o_van\Desktop\stocks_market_checker\backend\app\services\stock_detail_service.py", line 42, in get_stock_detail
    info_result = self.db.execute_query(query_info, (symbol,))
                  ^^^^^^^^^^^^^^^^^^^^^^^^^^^^^^^^^^^^^^^^^^^^
  File "C:\Users\o_van\Desktop\stocks_market_checker\backend\app\db\database.py", line 48, in execute_query
    self.connection.rollback()
  File "C:\Users\o_van\Desktop\stocks_market_checker\.venv\Lib\site-packages\psycopg\connection.py", line 309, in rollback
    self.wait(self._rollback_gen())
  File "C:\Users\o_van\Desktop\stocks_market_checker\.venv\Lib\site-packages\psycopg\connection.py", line 483, in wait
    return waiting.wait(gen, self.pgconn.socket, interval=interval)
                             ^^^^^^^^^^^^^^^^^^
  File "psycopg_binary/pq/pgconn.pyx", line 214, in psycopg_binary.pq.PGconn.socket.__get__
  File "psycopg_binary/pq/pgconn.pyx", line 747, in psycopg_binary.pq._call_int
  File "psycopg_binary/pq/pgconn.pyx", line 727, in psycopg_binary.pq._ensure_pgconn
psycopg.OperationalError: the connection is closed

